
  [30;43;1m WARN [39;49;22m Your XML configuration validates against a deprecated schema. Migrate your XML configuration using "--migrate-configuration"!

   FAIL  Tests\Unit\FlashDealStockServiceTest
  ⨯ it returns…  0.19s  
  ⨯ it returns…  0.05s  
  ⨯ it returns…  0.05s  
  ⨯ it returns…  0.05s  
  ⨯ it handles…  0.04s  
  ────────────────────  
   F…  QueryException   
  SQLSTATE[HY000]: General error: 1 no such table: translations (Connection: sqlite, SQL: select "lang_value", "lang_key" from "translations" where "lang" = en)

  at vendor\laravel\framework\src\Illuminate\Database\Connection.php:829
    825▕                     $this->getName(), $query, $this->prepareBindings($bindings), $e
    826▕                 );
    827▕             }
    828▕ 
  ➜ 829▕             throw new QueryException(
    830▕                 $this->getName(), $query, $this->prepareBindings($bindings), $e
    831▕             );
    832▕         }
    833▕     }

  1   vendor\laravel\framework\src\Illuminate\Database\Connection.php:829

  2   vendor\laravel\framework\src\Illuminate\Database\Connection.php:423
      NunoMaduro\Collision\Exceptions\TestException::("SQLSTATE[HY000]: General error: 1 no such table: translations")

  ────────────────────  
   F…  QueryException   
  SQLSTATE[HY000]: General error: 1 no such table: translations (Connection: sqlite, SQL: select "lang_value", "lang_key" from "translations" where "lang" = en)

  at vendor\laravel\framework\src\Illuminate\Database\Connection.php:829
    825▕                     $this->getName(), $query, $this->prepareBindings($bindings), $e
    826▕                 );
    827▕             }
    828▕ 
  ➜ 829▕             throw new QueryException(
    830▕                 $this->getName(), $query, $this->prepareBindings($bindings), $e
    831▕             );
    832▕         }
    833▕     }

  1   vendor\laravel\framework\src\Illuminate\Database\Connection.php:829

  2   vendor\laravel\framework\src\Illuminate\Database\Connection.php:423
      NunoMaduro\Collision\Exceptions\TestException::("SQLSTATE[HY000]: General error: 1 no such table: translations")

  ────────────────────  
   F…  QueryException   
  SQLSTATE[HY000]: General error: 1 no such table: translations (Connection: sqlite, SQL: select "lang_value", "lang_key" from "translations" where "lang" = en)

  at vendor\laravel\framework\src\Illuminate\Database\Connection.php:829
    825▕                     $this->getName(), $query, $this->prepareBindings($bindings), $e
    826▕                 );
    827▕             }
    828▕ 
  ➜ 829▕             throw new QueryException(
    830▕                 $this->getName(), $query, $this->prepareBindings($bindings), $e
    831▕             );
    832▕         }
    833▕     }

  1   vendor\laravel\framework\src\Illuminate\Database\Connection.php:829

  2   vendor\laravel\framework\src\Illuminate\Database\Connection.php:423
      NunoMaduro\Collision\Exceptions\TestException::("SQLSTATE[HY000]: General error: 1 no such table: translations")

  ────────────────────  
   F…  QueryException   
  SQLSTATE[HY000]: General error: 1 no such table: translations (Connection: sqlite, SQL: select "lang_value", "lang_key" from "translations" where "lang" = en)

  at vendor\laravel\framework\src\Illuminate\Database\Connection.php:829
    825▕                     $this->getName(), $query, $this->prepareBindings($bindings), $e
    826▕                 );
    827▕             }
    828▕ 
  ➜ 829▕             throw new QueryException(
    830▕                 $this->getName(), $query, $this->prepareBindings($bindings), $e
    831▕             );
    832▕         }
    833▕     }

  1   vendor\laravel\framework\src\Illuminate\Database\Connection.php:829

  2   vendor\laravel\framework\src\Illuminate\Database\Connection.php:423
      NunoMaduro\Collision\Exceptions\TestException::("SQLSTATE[HY000]: General error: 1 no such table: translations")

  ────────────────────  
   F…  QueryException   
  SQLSTATE[HY000]: General error: 1 no such table: translations (Connection: sqlite, SQL: select "lang_value", "lang_key" from "translations" where "lang" = en)

  at vendor\laravel\framework\src\Illuminate\Database\Connection.php:829
    825▕                     $this->getName(), $query, $this->prepareBindings($bindings), $e
    826▕                 );
    827▕             }
    828▕ 
  ➜ 829▕             throw new QueryException(
    830▕                 $this->getName(), $query, $this->prepareBindings($bindings), $e
    831▕             );
    832▕         }
    833▕     }

  1   vendor\laravel\framework\src\Illuminate\Database\Connection.php:829

  2   vendor\laravel\framework\src\Illuminate\Database\Connection.php:423
      NunoMaduro\Collision\Exceptions\TestException::("SQLSTATE[HY000]: General error: 1 no such table: translations")


  Tests:    5 failed (0 assertions)
  Duration: 0.53s

