PHPUnit 10.5.63 by Sebastian Bergmann and contributors.

Runtime:       PHP 8.2.12
Configuration: C:\xampp\htdocs\mayush\phpunit.xml

.E

Time: 00:00.303, Memory: 42.00 MB

There was 1 error:

1) Tests\Unit\FlashDealStockServiceTest::test_it_returns_green_for_80_percent_or_more_stock
Illuminate\Database\QueryException: SQLSTATE[HY000] [1045] Access denied for user 'root'@'192.168.1.1' (using password: NO) (Connection: mysql, SQL: select table_name as `name`, (data_length + index_length) as `size`, table_comment as `comment`, engine as `engine`, table_collation as `collation` from information_schema.tables where table_schema = 'amsadesign_mayush_db' and table_type in ('BASE TABLE', 'SYSTEM VERSIONED') order by table_name)

C:\xampp\htdocs\mayush\vendor\laravel\framework\src\Illuminate\Database\Connection.php:829
C:\xampp\htdocs\mayush\vendor\laravel\framework\src\Illuminate\Database\Connection.php:783
C:\xampp\htdocs\mayush\vendor\laravel\framework\src\Illuminate\Database\Connection.php:414
C:\xampp\htdocs\mayush\vendor\laravel\framework\src\Illuminate\Database\Connection.php:401
C:\xampp\htdocs\mayush\vendor\laravel\framework\src\Illuminate\Database\Schema\MySqlBuilder.php:41
C:\xampp\htdocs\mayush\vendor\laravel\framework\src\Illuminate\Database\Schema\Builder.php:165
C:\xampp\htdocs\mayush\vendor\laravel\framework\src\Illuminate\Support\Facades\Facade.php:355
C:\xampp\htdocs\mayush\tests\Unit\FlashDealStockServiceTest.php:17

Caused by
PDOException: SQLSTATE[HY000] [1045] Access denied for user 'root'@'192.168.1.1' (using password: NO)

C:\xampp\htdocs\mayush\vendor\laravel\framework\src\Illuminate\Database\Connectors\Connector.php:65
C:\xampp\htdocs\mayush\vendor\laravel\framework\src\Illuminate\Database\Connectors\Connector.php:44
C:\xampp\htdocs\mayush\vendor\laravel\framework\src\Illuminate\Database\Connectors\MySqlConnector.php:24
C:\xampp\htdocs\mayush\vendor\laravel\framework\src\Illuminate\Database\Connectors\ConnectionFactory.php:184
C:\xampp\htdocs\mayush\vendor\laravel\framework\src\Illuminate\Database\Connection.php:1339
C:\xampp\htdocs\mayush\vendor\laravel\framework\src\Illuminate\Database\Connection.php:528
C:\xampp\htdocs\mayush\vendor\laravel\framework\src\Illuminate\Database\Connection.php:423
C:\xampp\htdocs\mayush\vendor\laravel\framework\src\Illuminate\Database\Connection.php:816
C:\xampp\htdocs\mayush\vendor\laravel\framework\src\Illuminate\Database\Connection.php:783
C:\xampp\htdocs\mayush\vendor\laravel\framework\src\Illuminate\Database\Connection.php:414
C:\xampp\htdocs\mayush\vendor\laravel\framework\src\Illuminate\Database\Connection.php:401
C:\xampp\htdocs\mayush\vendor\laravel\framework\src\Illuminate\Database\Schema\MySqlBuilder.php:41
C:\xampp\htdocs\mayush\vendor\laravel\framework\src\Illuminate\Database\Schema\Builder.php:165
C:\xampp\htdocs\mayush\vendor\laravel\framework\src\Illuminate\Support\Facades\Facade.php:355
C:\xampp\htdocs\mayush\tests\Unit\FlashDealStockServiceTest.php:17

ERRORS!
Tests: 2, Assertions: 1, Errors: 1, PHPUnit Deprecations: 1.
